Archive member included to satisfy reference by file (symbol)

c:/nxp/mcuxpressoide_10.3.0_2200/ide/plugins/com.nxp.mcuxpresso.tools.win32_10.3.0.201811011841/tools/bin/../lib/gcc/arm-none-eabi/7.3.1/../../../../arm-none-eabi/lib/thumb/v6-m\libcr_semihost_nf.a(_cr__main.o)
                              ./startup/startup_mkl27z644.o (__main)
c:/nxp/mcuxpressoide_10.3.0_2200/ide/plugins/com.nxp.mcuxpresso.tools.win32_10.3.0.201811011841/tools/bin/../lib/gcc/arm-none-eabi/7.3.1/../../../../arm-none-eabi/lib/thumb/v6-m\libcr_semihost_nf.a(_cr_assert.o)
                              ./utilities/fsl_debug_console.o (__assertion_failed)
c:/nxp/mcuxpressoide_10.3.0_2200/ide/plugins/com.nxp.mcuxpresso.tools.win32_10.3.0.201811011841/tools/bin/../lib/gcc/arm-none-eabi/7.3.1/../../../../arm-none-eabi/lib/thumb/v6-m\libcr_semihost_nf.a(__ciob.o)
                              c:/nxp/mcuxpressoide_10.3.0_2200/ide/plugins/com.nxp.mcuxpresso.tools.win32_10.3.0.201811011841/tools/bin/../lib/gcc/arm-none-eabi/7.3.1/../../../../arm-none-eabi/lib/thumb/v6-m\libcr_semihost_nf.a(_cr_assert.o) (__Ciob)
c:/nxp/mcuxpressoide_10.3.0_2200/ide/plugins/com.nxp.mcuxpresso.tools.win32_10.3.0.201811011841/tools/bin/../lib/gcc/arm-none-eabi/7.3.1/../../../../arm-none-eabi/lib/thumb/v6-m\libcr_semihost_nf.a(__sys_appexit.o)
                              c:/nxp/mcuxpressoide_10.3.0_2200/ide/plugins/com.nxp.mcuxpresso.tools.win32_10.3.0.201811011841/tools/bin/../lib/gcc/arm-none-eabi/7.3.1/../../../../arm-none-eabi/lib/thumb/v6-m\libcr_semihost_nf.a(_cr_assert.o) (__sys_appexit)
c:/nxp/mcuxpressoide_10.3.0_2200/ide/plugins/com.nxp.mcuxpresso.tools.win32_10.3.0.201811011841/tools/bin/../lib/gcc/arm-none-eabi/7.3.1/../../../../arm-none-eabi/lib/thumb/v6-m\libcr_c.a(memset.o)
                              ./utilities/fsl_debug_console.o (memset)
c:/nxp/mcuxpressoide_10.3.0_2200/ide/plugins/com.nxp.mcuxpresso.tools.win32_10.3.0.201811011841/tools/bin/../lib/gcc/arm-none-eabi/7.3.1/../../../../arm-none-eabi/lib/thumb/v6-m\libcr_c.a(_deferredlazyseek.o)
                              c:/nxp/mcuxpressoide_10.3.0_2200/ide/plugins/com.nxp.mcuxpresso.tools.win32_10.3.0.201811011841/tools/bin/../lib/gcc/arm-none-eabi/7.3.1/../../../../arm-none-eabi/lib/thumb/v6-m\libcr_semihost_nf.a(_cr_assert.o) (__flsbuf)
c:/nxp/mcuxpressoide_10.3.0_2200/ide/plugins/com.nxp.mcuxpresso.tools.win32_10.3.0.201811011841/tools/bin/../lib/gcc/arm-none-eabi/7.3.1/../../../../arm-none-eabi/lib/thumb/v6-m\libcr_c.a(_fflush.o)
                              c:/nxp/mcuxpressoide_10.3.0_2200/ide/plugins/com.nxp.mcuxpresso.tools.win32_10.3.0.201811011841/tools/bin/../lib/gcc/arm-none-eabi/7.3.1/../../../../arm-none-eabi/lib/thumb/v6-m\libcr_c.a(_deferredlazyseek.o) (_fflush)
c:/nxp/mcuxpressoide_10.3.0_2200/ide/plugins/com.nxp.mcuxpresso.tools.win32_10.3.0.201811011841/tools/bin/../lib/gcc/arm-none-eabi/7.3.1/../../../../arm-none-eabi/lib/thumb/v6-m\libcr_c.a(_writebuf.o)
                              c:/nxp/mcuxpressoide_10.3.0_2200/ide/plugins/com.nxp.mcuxpresso.tools.win32_10.3.0.201811011841/tools/bin/../lib/gcc/arm-none-eabi/7.3.1/../../../../arm-none-eabi/lib/thumb/v6-m\libcr_c.a(_deferredlazyseek.o) (_Cwritebuf)
c:/nxp/mcuxpressoide_10.3.0_2200/ide/plugins/com.nxp.mcuxpresso.tools.win32_10.3.0.201811011841/tools/bin/../lib/gcc/arm-none-eabi/7.3.1/../../../../arm-none-eabi/lib/thumb/v6-m\libcr_c.a(alloc.o)
                              ./drivers/fsl_common.o (malloc)
c:/nxp/mcuxpressoide_10.3.0_2200/ide/plugins/com.nxp.mcuxpresso.tools.win32_10.3.0.201811011841/tools/bin/../lib/gcc/arm-none-eabi/7.3.1/../../../../arm-none-eabi/lib/thumb/v6-m\libcr_c.a(fputs.o)
                              c:/nxp/mcuxpressoide_10.3.0_2200/ide/plugins/com.nxp.mcuxpresso.tools.win32_10.3.0.201811011841/tools/bin/../lib/gcc/arm-none-eabi/7.3.1/../../../../arm-none-eabi/lib/thumb/v6-m\libcr_semihost_nf.a(_cr_assert.o) (fputs)
c:/nxp/mcuxpressoide_10.3.0_2200/ide/plugins/com.nxp.mcuxpresso.tools.win32_10.3.0.201811011841/tools/bin/../lib/gcc/arm-none-eabi/7.3.1/../../../../arm-none-eabi/lib/thumb/v6-m\libcr_c.a(fseek.o)
                              c:/nxp/mcuxpressoide_10.3.0_2200/ide/plugins/com.nxp.mcuxpresso.tools.win32_10.3.0.201811011841/tools/bin/../lib/gcc/arm-none-eabi/7.3.1/../../../../arm-none-eabi/lib/thumb/v6-m\libcr_c.a(_deferredlazyseek.o) (fseek)
c:/nxp/mcuxpressoide_10.3.0_2200/ide/plugins/com.nxp.mcuxpresso.tools.win32_10.3.0.201811011841/tools/bin/../lib/gcc/arm-none-eabi/7.3.1/../../../../arm-none-eabi/lib/thumb/v6-m\libcr_c.a(ftell.o)
                              c:/nxp/mcuxpressoide_10.3.0_2200/ide/plugins/com.nxp.mcuxpresso.tools.win32_10.3.0.201811011841/tools/bin/../lib/gcc/arm-none-eabi/7.3.1/../../../../arm-none-eabi/lib/thumb/v6-m\libcr_c.a(fseek.o) (ftell)
[...]
Memory Configuration

Name             Origin             Length             Attributes
PROGRAM_FLASH    0x00000000         0x00010000         xr
SRAM             0x1ffff000         0x00004000         xrw
USB_RAM          0x400fe000         0x00000200         xrw
*default*        0x00000000         0xffffffff

Linker script and memory map

LOAD ./utilities/fsl_debug_console.o
LOAD ./utilities/fsl_str.o
LOAD ./startup/startup_mkl27z644.o
LOAD ./source/ADC_Driver.o
LOAD ./source/Communication.o
LOAD ./source/LabCluster.o
LOAD ./source/PWM.o
LOAD ./source/TempDriver.o
LOAD ./source/UARTDriver.o
LOAD ./source/mtb.o
LOAD ./source/semihost_hardfault.o
LOAD ./drivers/fsl_clock.o
LOAD ./drivers/fsl_common.o
LOAD ./drivers/fsl_gpio.o
LOAD ./drivers/fsl_i2c.o
LOAD ./drivers/fsl_lpuart.o
LOAD ./drivers/fsl_smc.o
LOAD ./drivers/fsl_uart.o
LOAD ./device/system_MKL27Z644.o
LOAD ./component/uart/lpuart_adapter.o
LOAD ./component/serial_manager/serial_manager.o
LOAD ./component/serial_manager/serial_port_uart.o
LOAD ./board/board.o
LOAD ./board/clock_config.o
LOAD ./board/peripherals.o
LOAD ./board/pin_mux.o
START GROUP
LOAD c:/nxp/mcuxpressoide_10.3.0_2200/ide/plugins/com.nxp.mcuxpresso.tools.win32_10.3.0.201811011841/tools/bin/../lib/gcc/arm-none-eabi/7.3.1/../../../../arm-none-eabi/lib/thumb/v6-m\libcr_semihost_nf.a
LOAD c:/nxp/mcuxpressoide_10.3.0_2200/ide/plugins/com.nxp.mcuxpresso.tools.win32_10.3.0.201811011841/tools/bin/../lib/gcc/arm-none-eabi/7.3.1/../../../../arm-none-eabi/lib/thumb/v6-m\libcr_c.a
LOAD c:/nxp/mcuxpressoide_10.3.0_2200/ide/plugins/com.nxp.mcuxpresso.tools.win32_10.3.0.201811011841/tools/bin/../lib/gcc/arm-none-eabi/7.3.1/thumb/v6-m\libcr_eabihelpers.a
END GROUP
                0x00000000                __base_PROGRAM_FLASH = 0x0
                0x00000000                __base_Flash = 0x0
                0x00010000                __top_PROGRAM_FLASH = 0x10000
                0x00010000                __top_Flash = 0x10000
                0x1ffff000                __base_SRAM = 0x1ffff000
                0x1ffff000                __base_RAM = 0x1ffff000
                0x20003000                __top_SRAM = 0x20003000
                0x20003000                __top_RAM = 0x20003000
                0x400fe000                __base_USB_RAM = 0x400fe000
                0x400fe000                __base_RAM2 = 0x400fe000
                0x400fe200                __top_USB_RAM = 0x400fe200
                0x400fe200                __top_RAM2 = 0x400fe200

.text           0x00000000      0xe18
 FILL mask 0xff
                0x00000000                __vectors_start__ = ABSOLUTE (.)
 *(SORT_BY_ALIGNMENT(.isr_vector))
 .isr_vector    0x00000000       0xc0 ./startup/startup_mkl27z644.o
                0x00000000                g_pfnVectors
                0x00000000                __Vectors
                0x000000c0                . = ALIGN (0x4)
                0x000000c0                __section_table_start = .
                0x000000c0                __data_section_table = .
                0x000000c0        0x4 LONG 0xe18 LOADADDR (.data)
                0x000000c4        0x4 LONG 0x1ffff080 ADDR (.data)
                0x000000c8        0x4 LONG 0x0 SIZEOF (.data)
                0x000000cc        0x4 LONG 0xe18 LOADADDR (.data_RAM2)
                0x000000d0        0x4 LONG 0x400fe000 ADDR (.data_RAM2)
                0x000000d4        0x4 LONG 0x0 SIZEOF (.data_RAM2)
                0x000000d8                __data_section_table_end = .
                0x000000d8                __bss_section_table = .
                0x000000d8        0x4 LONG 0x1ffff080 ADDR (.bss)
                0x000000dc        0x4 LONG 0xd4 SIZEOF (.bss)
                0x000000e0        0x4 LONG 0x400fe000 ADDR (.bss_RAM2)
                0x000000e4        0x4 LONG 0x0 SIZEOF (.bss_RAM2)
                0x000000e8                __bss_section_table_end = .
                0x000000e8                __section_table_end = .
 *(SORT_BY_ALIGNMENT(.after_vectors*))
 .after_vectors.reset
                0x000000e8       0x4c ./startup/startup_mkl27z644.o
                0x000000e8                ResetISR
 .after_vectors.init_data
                0x00000134       0x16 ./startup/startup_mkl27z644.o
                0x00000134                data_init
 .after_vectors.init_bss
                0x0000014a       0x12 ./startup/startup_mkl27z644.o
                0x0000014a                bss_init
 .after_vectors
                0x0000015c      0x10c ./startup/startup_mkl27z644.o
                0x0000015c                NMI_Handler
                0x00000160                SVC_Handler
                0x00000162                PendSV_Handler
                0x00000164                SysTick_Handler
                0x00000166                Reserved42_DriverIRQHandler
                0x00000166                SPI1_DriverIRQHandler
                0x00000166                LPTMR0_DriverIRQHandler
                0x00000166                DMA0_DriverIRQHandler
                0x00000166                Reserved43_DriverIRQHandler
                0x00000166                Reserved39_DriverIRQHandler
                0x00000166                PIT_DriverIRQHandler
                0x00000166                DMA2_DriverIRQHandler
                0x00000166                CMP0_DriverIRQHandler
                0x00000166                TPM2_DriverIRQHandler
                0x00000166                ADC0_DriverIRQHandler
                0x00000166                SPI0_DriverIRQHandler
                0x00000166                RTC_Seconds_DriverIRQHandler
                0x00000166                LLWU_DriverIRQHandler
                0x00000166                DMA1_DriverIRQHandler
                0x00000166                PMC_DriverIRQHandler
                0x00000166                RTC_DriverIRQHandler
                0x00000166                PORTB_PORTC_PORTD_PORTE_DriverIRQHandler
                0x00000166                TPM1_DriverIRQHandler
                0x00000166                FTFA_DriverIRQHandler
                0x00000166                IntDefaultHandler
                0x00000166                USB0_DriverIRQHandler
                0x00000166                Reserved41_DriverIRQHandler
                0x00000166                TPM0_DriverIRQHandler
                0x00000166                PORTA_DriverIRQHandler
                0x00000166                UART2_FLEXIO_DriverIRQHandler
                0x00000166                Reserved45_DriverIRQHandler
                0x00000166                Reserved20_DriverIRQHandler
                0x00000166                DMA3_DriverIRQHandler
                0x00000168                DMA0_IRQHandler
                0x00000170                DMA1_IRQHandler
                0x00000178                DMA2_IRQHandler
                0x00000180                DMA3_IRQHandler
                0x00000188                Reserved20_IRQHandler
                0x00000190                FTFA_IRQHandler
                0x00000198                PMC_IRQHandler
                0x000001a0                LLWU_IRQHandler
                0x000001a8                I2C0_IRQHandler
                0x000001b0                I2C1_IRQHandler
                0x000001b8                SPI0_IRQHandler
                0x000001c0                SPI1_IRQHandler
                0x000001c8                LPUART0_IRQHandler
                0x000001d0                LPUART1_IRQHandler
                0x000001d8                UART2_FLEXIO_IRQHandler
                0x000001e0                ADC0_IRQHandler
                0x000001e8                CMP0_IRQHandler
                0x000001f0                TPM0_IRQHandler
                0x000001f8                TPM1_IRQHandler
                0x00000200                TPM2_IRQHandler
                0x00000208                RTC_IRQHandler
                0x00000210                RTC_Seconds_IRQHandler
                0x00000218                PIT_IRQHandler
                0x00000220                Reserved39_IRQHandler
                0x00000228                USB0_IRQHandler
                0x00000230                Reserved41_IRQHandler
                0x00000238                Reserved42_IRQHandler
                0x00000240                Reserved43_IRQHandler
                0x00000248                LPTMR0_IRQHandler
                0x00000250                Reserved45_IRQHandler
                0x00000258                PORTA_IRQHandler
                0x00000260                PORTB_PORTC_PORTD_PORTE_IRQHandler
                0x00000400                . = 0x400
 *fill*         0x00000268      0x198 ff
                0x00000400                PROVIDE (__FLASH_CONFIG_START__ = .)
 *(SORT_BY_ALIGNMENT(.FlashConfig))
 .FlashConfig   0x00000400       0x10 ./startup/startup_mkl27z644.o
                0x00000400                Flash_Config
                0x00000410                PROVIDE (__FLASH_CONFIG_END__ = .)
                0x00000001                ASSERT (! ((__FLASH_CONFIG_START__ == __FLASH_CONFIG_END__)), Linker Flash Config Support Enabled, but no .FlashConfig section provided within application)
 *(SORT_BY_ALIGNMENT(.text*))
 .text.InitPWM  0x00000410       0x8c ./source/PWM.o
                0x00000410                InitPWM
 .text.PWM      0x0000049c       0x68 ./source/PWM.o
                0x0000049c                PWM
 .text.UART_vfnDriverInit
                0x00000504       0xdc ./source/UARTDriver.o
                0x00000504                UART_vfnDriverInit
 .text.UART_bfnRead
                0x000005e0       0x40 ./source/UARTDriver.o
                0x000005e0                UART_bfnRead
 .text.HardFault_Handler
                0x00000620       0x30 ./source/semihost_hardfault.o
                0x00000620                HardFault_Handler
 .text.I2C_TransferCommonIRQHandler
                0x00000650       0x54 ./drivers/fsl_i2c.o
 .text.I2C0_DriverIRQHandler
                0x000006a4       0x20 ./drivers/fsl_i2c.o
                0x000006a4                I2C0_DriverIRQHandler
 .text.I2C1_DriverIRQHandler
                0x000006c4       0x20 ./drivers/fsl_i2c.o
                0x000006c4                I2C1_DriverIRQHandler
 .text.LPUART0_DriverIRQHandler
                0x000006e4       0x24 ./drivers/fsl_lpuart.o
                0x000006e4                LPUART0_DriverIRQHandler
 .text.LPUART1_DriverIRQHandler
                0x00000708       0x24 ./drivers/fsl_lpuart.o
                0x00000708                LPUART1_DriverIRQHandler
 .text.SystemInit
                0x0000072c       0x40 ./device/system_MKL27Z644.o
                0x0000072c                SystemInit
 .text._deferredlazyseek
                0x0000076c       0x40 c:/nxp/mcuxpressoide_10.3.0_2200/ide/plugins/com.nxp.mcuxpresso.tools.win32_10.3.0.201811011841/tools/bin/../lib/gcc/arm-none-eabi/7.3.1/../../../../arm-none-eabi/lib/thumb/v6-m\libcr_c.a(_deferredlazyseek.o)
                0x0000076c                _deferredlazyseek
 .text._fflush  0x000007ac       0x5c c:/nxp/mcuxpressoide_10.3.0_2200/ide/plugins/com.nxp.mcuxpresso.tools.win32_10.3.0.201811011841/tools/bin/../lib/gcc/arm-none-eabi/7.3.1/../../../../arm-none-eabi/lib/thumb/v6-m\libcr_c.a(_fflush.o)
                0x000007ac                _fflush
 .text._Cwritebuf
                0x00000808       0x68 c:/nxp/mcuxpressoide_10.3.0_2200/ide/plugins/com.nxp.mcuxpresso.tools.win32_10.3.0.201811011841/tools/bin/../lib/gcc/arm-none-eabi/7.3.1/../../../../arm-none-eabi/lib/thumb/v6-m\libcr_c.a(_writebuf.o)
                0x00000808                _Cwritebuf
 .text.fseek    0x00000870       0xf0 c:/nxp/mcuxpressoide_10.3.0_2200/ide/plugins/com.nxp.mcuxpresso.tools.win32_10.3.0.201811011841/tools/bin/../lib/gcc/arm-none-eabi/7.3.1/../../../../arm-none-eabi/lib/thumb/v6-m\libcr_c.a(fseek.o)
                0x00000870                fseek
 .text.ftell    0x00000960       0x48 c:/nxp/mcuxpressoide_10.3.0_2200/ide/plugins/com.nxp.mcuxpresso.tools.win32_10.3.0.201811011841/tools/bin/../lib/gcc/arm-none-eabi/7.3.1/../../../../arm-none-eabi/lib/thumb/v6-m\libcr_c.a(ftell.o)
                0x00000960                ftell
 .text._initio  0x000009a8       0x7c c:/nxp/mcuxpressoide_10.3.0_2200/ide/plugins/com.nxp.mcuxpresso.tools.win32_10.3.0.201811011841/tools/bin/../lib/gcc/arm-none-eabi/7.3.1/../../../../arm-none-eabi/lib/thumb/v6-m\libcr_c.a(initio.o)
                0x000009a8                _initio
 .text.setvbuf  0x00000a24       0x48 c:/nxp/mcuxpressoide_10.3.0_2200/ide/plugins/com.nxp.mcuxpresso.tools.win32_10.3.0.201811011841/tools/bin/../lib/gcc/arm-none-eabi/7.3.1/../../../../arm-none-eabi/lib/thumb/v6-m\libcr_c.a(setvbuf.o)
                0x00000a24                setvbuf
 .text.strlen   0x00000a6c       0x58 c:/nxp/mcuxpressoide_10.3.0_2200/ide/plugins/com.nxp.mcuxpresso.tools.win32_10.3.0.201811011841/tools/bin/../lib/gcc/arm-none-eabi/7.3.1/../../../../arm-none-eabi/lib/thumb/v6-m\libcr_c.a(strlen.o)
                0x00000a6c                strlen
 .text._fdopen  0x00000ac4       0x74 c:/nxp/mcuxpressoide_10.3.0_2200/ide/plugins/com.nxp.mcuxpresso.tools.win32_10.3.0.201811011841/tools/bin/../lib/gcc/arm-none-eabi/7.3.1/../../../../arm-none-eabi/lib/thumb/v6-m\libcr_c.a(_fdopen.o)
                0x00000ac4                _fdopen
 .text.fclose   0x00000b38       0x5c c:/nxp/mcuxpressoide_10.3.0_2200/ide/plugins/com.nxp.mcuxpresso.tools.win32_10.3.0.201811011841/tools/bin/../lib/gcc/arm-none-eabi/7.3.1/../../../../arm-none-eabi/lib/thumb/v6-m\libcr_c.a(fclose.o)
                0x00000b38                fclose
 .text.fflush   0x00000b94       0x44 c:/nxp/mcuxpressoide_10.3.0_2200/ide/plugins/com.nxp.mcuxpresso.tools.win32_10.3.0.201811011841/tools/bin/../lib/gcc/arm-none-eabi/7.3.1/../../../../arm-none-eabi/lib/thumb/v6-m\libcr_c.a(fflush.o)
                0x00000b94                fflush
 .text._do_fflush
                0x00000bd8       0x44 c:/nxp/mcuxpressoide_10.3.0_2200/ide/plugins/com.nxp.mcuxpresso.tools.win32_10.3.0.201811011841/tools/bin/../lib/gcc/arm-none-eabi/7.3.1/../../../../arm-none-eabi/lib/thumb/v6-m\libcr_c.a(_do_fflush.o)
                0x00000bd8                _do_fflush
 .text.COMM_vfnDriverInit
                0x00000c1c        0xe ./source/Communication.o
                0x00000c1c                COMM_vfnDriverInit
 .text.COMM_bfnReceiveMsg
                0x00000c2a       0x22 ./source/Communication.o
                0x00000c2a                COMM_bfnReceiveMsg
 .text.main     0x00000c4c       0x42 ./source/LabCluster.o
                0x00000c4c                main
 .text.girarPWM
                0x00000c8e       0x2c ./source/PWM.o
                0x00000c8e                girarPWM
 .text.SystemInitHook
                0x00000cba        0xa ./device/system_MKL27Z644.o
                0x00000cba                SystemInitHook
 .text.__main   0x00000cc4        0xc c:/nxp/mcuxpressoide_10.3.0_2200/ide/plugins/com.nxp.mcuxpresso.tools.win32_10.3.0.201811011841/tools/bin/../lib/gcc/arm-none-eabi/7.3.1/../../../../arm-none-eabi/lib/thumb/v6-m\libcr_semihost_nf.a(_cr__main.o)
                0x00000cc4                __CR_SEMIHOST
                0x00000cc4                __main
 .text.memset   0x00000cd0        0x8 c:/nxp/mcuxpressoide_10.3.0_2200/ide/plugins/com.nxp.mcuxpresso.tools.win32_10.3.0.201811011841/tools/bin/../lib/gcc/arm-none-eabi/7.3.1/../../../../arm-none-eabi/lib/thumb/v6-m\libcr_c.a(memset.o)
                0x00000cd0                memset
 .text.free     0x00000cd8       0x2c c:/nxp/mcuxpressoide_10.3.0_2200/ide/plugins/com.nxp.mcuxpresso.tools.win32_10.3.0.201811011841/tools/bin/../lib/gcc/arm-none-eabi/7.3.1/../../../../arm-none-eabi/lib/thumb/v6-m\libcr_c.a(alloc.o)
                0x00000cd8                free
 .text.remove   0x00000d04       0x12 c:/nxp/mcuxpressoide_10.3.0_2200/ide/plugins/com.nxp.mcuxpresso.tools.win32_10.3.0.201811011841/tools/bin/../lib/gcc/arm-none-eabi/7.3.1/../../../../arm-none-eabi/lib/thumb/v6-m\libcr_c.a(remove.o)
                0x00000d04                remove
 .text.__aeabi_division_idivmod
                0x00000d16       0x78 c:/nxp/mcuxpressoide_10.3.0_2200/ide/plugins/com.nxp.mcuxpresso.tools.win32_10.3.0.201811011841/tools/bin/../lib/gcc/arm-none-eabi/7.3.1/thumb/v6-m\libcr_eabihelpers.a(division_32.o)
                0x00000d16                __aeabi_idivmod
                0x00000d16                __aeabi_idiv
                0x00000d1c                __aeabi_uidivmod
                0x00000d1c                __aeabi_uidiv
 .text.__aeabi_division_idiv0
                0x00000d8e        0x2 c:/nxp/mcuxpressoide_10.3.0_2200/ide/plugins/com.nxp.mcuxpresso.tools.win32_10.3.0.201811011841/tools/bin/../lib/gcc/arm-none-eabi/7.3.1/thumb/v6-m\libcr_eabihelpers.a(division_idiv0.o)
                0x00000d8e                __aeabi_idiv0
 .text.__aeabi_memset_lowlevel
                0x00000d90       0x2a c:/nxp/mcuxpressoide_10.3.0_2200/ide/plugins/com.nxp.mcuxpresso.tools.win32_10.3.0.201811011841/tools/bin/../lib/gcc/arm-none-eabi/7.3.1/thumb/v6-m\libcr_eabihelpers.a(memcpy.o)
                0x00000d90                __aeabi_lowlevel_memset
 .text.__sys_close
                0x00000dba        0xc c:/nxp/mcuxpressoide_10.3.0_2200/ide/plugins/com.nxp.mcuxpresso.tools.win32_10.3.0.201811011841/tools/bin/../lib/gcc/arm-none-eabi/7.3.1/../../../../arm-none-eabi/lib/thumb/v6-m\libcr_semihost_nf.a(__sys_close.o)
                0x00000dba                __sys_close
 .text.__sys_flen
                0x00000dc6        0xc c:/nxp/mcuxpressoide_10.3.0_2200/ide/plugins/com.nxp.mcuxpresso.tools.win32_10.3.0.201811011841/tools/bin/../lib/gcc/arm-none-eabi/7.3.1/../../../../arm-none-eabi/lib/thumb/v6-m\libcr_semihost_nf.a(__sys_flen.o)
                0x00000dc6                __sys_flen
 .text.__sys_istty
                0x00000dd2        0xc c:/nxp/mcuxpressoide_10.3.0_2200/ide/plugins/com.nxp.mcuxpresso.tools.win32_10.3.0.201811011841/tools/bin/../lib/gcc/arm-none-eabi/7.3.1/../../../../arm-none-eabi/lib/thumb/v6-m\libcr_semihost_nf.a(__sys_istty.o)
                0x00000dd2                __sys_istty
 .text.__sys_remove
                0x00000dde        0xc c:/nxp/mcuxpressoide_10.3.0_2200/ide/plugins/com.nxp.mcuxpresso.tools.win32_10.3.0.201811011841/tools/bin/../lib/gcc/arm-none-eabi/7.3.1/../../../../arm-none-eabi/lib/thumb/v6-m\libcr_semihost_nf.a(__sys_remove.o)
                0x00000dde                __sys_remove
 .text.__sys_seek
                0x00000dea        0xc c:/nxp/mcuxpressoide_10.3.0_2200/ide/plugins/com.nxp.mcuxpresso.tools.win32_10.3.0.201811011841/tools/bin/../lib/gcc/arm-none-eabi/7.3.1/../../../../arm-none-eabi/lib/thumb/v6-m\libcr_semihost_nf.a(__sys_seek.o)
                0x00000dea                __sys_seek
 .text.__sys_tmpnam
                0x00000df6        0xc c:/nxp/mcuxpressoide_10.3.0_2200/ide/plugins/com.nxp.mcuxpresso.tools.win32_10.3.0.201811011841/tools/bin/../lib/gcc/arm-none-eabi/7.3.1/../../../../arm-none-eabi/lib/thumb/v6-m\libcr_semihost_nf.a(__sys_tmpnam.o)
                0x00000df6                __sys_tmpnam
 .text.__sys_write
                0x00000e02        0xc c:/nxp/mcuxpressoide_10.3.0_2200/ide/plugins/com.nxp.mcuxpresso.tools.win32_10.3.0.201811011841/tools/bin/../lib/gcc/arm-none-eabi/7.3.1/../../../../arm-none-eabi/lib/thumb/v6-m\libcr_semihost_nf.a(__sys_write.o)
                0x00000e02                __sys_write
 *(SORT_BY_ALIGNMENT(.rodata) SORT_BY_ALIGNMENT(.rodata.*) SORT_BY_ALIGNMENT(.constdata) SORT_BY_ALIGNMENT(.constdata.*))
 *fill*         0x00000e0e        0x2 ff
 .rodata.__num_Ciob_streams
                0x00000e10        0x4 c:/nxp/mcuxpressoide_10.3.0_2200/ide/plugins/com.nxp.mcuxpresso.tools.win32_10.3.0.201811011841/tools/bin/../lib/gcc/arm-none-eabi/7.3.1/../../../../arm-none-eabi/lib/thumb/v6-m\libcr_semihost_nf.a(__ciob.o)
                0x00000e10                __num_Ciob_streams
 .rodata._initio.str1.1
                0x00000e14        0x4 c:/nxp/mcuxpressoide_10.3.0_2200/ide/plugins/com.nxp.mcuxpresso.tools.win32_10.3.0.201811011841/tools/bin/../lib/gcc/arm-none-eabi/7.3.1/../../../../arm-none-eabi/lib/thumb/v6-m\libcr_c.a(initio.o)
                0x00000e18                . = ALIGN (0x4)

.glue_7         0x00000e18        0x0
 .glue_7        0x00000e18        0x0 linker stubs

.glue_7t        0x00000e18        0x0
 .glue_7t       0x00000e18        0x0 linker stubs

.vfp11_veneer   0x00000e18        0x0
 .vfp11_veneer  0x00000e18        0x0 linker stubs

.v4_bx          0x00000e18        0x0
 .v4_bx         0x00000e18        0x0 linker stubs

.iplt           0x00000e18        0x0
 .iplt          0x00000e18        0x0 ./startup/startup_mkl27z644.o

.rel.dyn        0x00000e18        0x0
 .rel.iplt      0x00000e18        0x0 ./startup/startup_mkl27z644.o

.ARM.extab
 *(SORT_BY_ALIGNMENT(.ARM.extab*) SORT_BY_ALIGNMENT(.gnu.linkonce.armextab.*))
                0x00000e18                __exidx_start = .

.ARM.exidx
 *(SORT_BY_ALIGNMENT(.ARM.exidx*) SORT_BY_ALIGNMENT(.gnu.linkonce.armexidx.*))
                0x00000e18                __exidx_end = .
                0x00000e18                _etext = .

.m_usb_data
 *(SORT_BY_ALIGNMENT(m_usb_bdt))

.mtb_buffer_RAM2
 *(SORT_BY_ALIGNMENT(.mtb.$RAM2*))
 *(SORT_BY_ALIGNMENT(.mtb.$USB_RAM*))

.data_RAM2      0x400fe000        0x0 load address 0x00000e18
 FILL mask 0xff
                [!provide]                PROVIDE (__start_data_RAM2 = .)
 *(SORT_BY_ALIGNMENT(.ramfunc.$RAM2))
 *(SORT_BY_ALIGNMENT(.ramfunc.$USB_RAM))
 *(SORT_BY_ALIGNMENT(.data.$RAM2*))
 *(SORT_BY_ALIGNMENT(.data.$USB_RAM*))
                0x400fe000                . = ALIGN (0x4)
                [!provide]                PROVIDE (__end_data_RAM2 = .)

.mtb_buffer_default
                0x1ffff000       0x80
 *(SORT_BY_ALIGNMENT(.mtb*))
 .mtb.$RAM1     0x1ffff000       0x80 ./source/mtb.o
                0x1ffff000                __mtb_buffer__

.uninit_RESERVED
                0x1ffff080        0x0
 *(SORT_BY_ALIGNMENT(.bss.$RESERVED*))
                0x1ffff080                . = ALIGN (0x4)
                0x1ffff080                _end_uninit_RESERVED = .

.data           0x1ffff080        0x0 load address 0x00000e18
 FILL mask 0xff
                0x1ffff080                _data = .
 *(SORT_BY_ALIGNMENT(vtable))
 *(SORT_BY_ALIGNMENT(.ramfunc*))
 *(SORT_BY_ALIGNMENT(.data*))
                0x1ffff080                . = ALIGN (0x4)
                0x1ffff080                _edata = .

.igot.plt       0x1ffff080        0x0 load address 0x00000e18
 .igot.plt      0x1ffff080        0x0 ./startup/startup_mkl27z644.o

.bss_RAM2       0x400fe000        0x0
                [!provide]                PROVIDE (__start_bss_RAM2 = .)
 *(SORT_BY_ALIGNMENT(.bss.$RAM2*))
 *(SORT_BY_ALIGNMENT(.bss.$USB_RAM*))
                0x400fe000                . = ALIGN ((. != 0x0)?0x4:0x1)
                [!provide]                PROVIDE (__end_bss_RAM2 = .)

.bss            0x1ffff080       0xd4
                0x1ffff080                _bss = .
 *(SORT_BY_ALIGNMENT(.bss*))
 .bss.s_i2cHandle
                0x1ffff080        0x8 ./drivers/fsl_i2c.o
 .bss.s_i2cMasterIsr
                0x1ffff088        0x4 ./drivers/fsl_i2c.o
 .bss.s_i2cSlaveIsr
                0x1ffff08c        0x4 ./drivers/fsl_i2c.o
 .bss.s_lpuartHandle
                0x1ffff090        0x8 ./drivers/fsl_lpuart.o
 .bss.s_lpuartIsr
                0x1ffff098        0x4 ./drivers/fsl_lpuart.o
 .bss.__Ciob    0x1ffff09c       0xb4 c:/nxp/mcuxpressoide_10.3.0_2200/ide/plugins/com.nxp.mcuxpresso.tools.win32_10.3.0.201811011841/tools/bin/../lib/gcc/arm-none-eabi/7.3.1/../../../../arm-none-eabi/lib/thumb/v6-m\libcr_semihost_nf.a(__ciob.o)
                0x1ffff09c                __Ciob
 .bss.errno     0x1ffff150        0x4 c:/nxp/mcuxpressoide_10.3.0_2200/ide/plugins/com.nxp.mcuxpresso.tools.win32_10.3.0.201811011841/tools/bin/../lib/gcc/arm-none-eabi/7.3.1/../../../../arm-none-eabi/lib/thumb/v6-m\libcr_c.a(errno.o)
                0x1ffff150                errno
 *(SORT_BY_ALIGNMENT(COMMON))
                0x1ffff154                . = ALIGN (0x4)
                0x1ffff154                _ebss = .
                [!provide]                PROVIDE (end = .)

.noinit_RAM2    0x400fe000        0x0
 *(SORT_BY_ALIGNMENT(.noinit.$RAM2*))
 *(SORT_BY_ALIGNMENT(.noinit.$USB_RAM*))
                0x400fe000                . = ALIGN (0x4)

.noinit         0x1ffff154        0x0
                0x1ffff154                _noinit = .
 *(SORT_BY_ALIGNMENT(.noinit*))
                0x1ffff154                . = ALIGN (0x4)
                0x1ffff154                _end_noinit = .
                0x00000400                _HeapSize = 0x400

.heap           0x1ffff154      0x400
                0x1ffff154                _pvHeapStart = .
                0x1ffff554                . = (. + _HeapSize)
 *fill*         0x1ffff154      0x400 
                0x1ffff554                . = ALIGN (0x4)
                0x1ffff554                _pvHeapLimit = .
                0x00000400                _StackSize = 0x400

.heap2stackfill
                0x1ffff554      0x400
                0x1ffff954                . = (. + _StackSize)
 *fill*         0x1ffff554      0x400 

.stack          0x20002c00        0x0
                0x20002c00                _vStackBase = .
                0x20002c00                . = ALIGN (0x4)
                0x20003000                _vStackTop = (. + _StackSize)
                0x00000000                _image_start = LOADADDR (.text)
                0x00000e18                _image_end = (LOADADDR (.data) + SIZEOF (.data))
                0x00000e18                _image_size = (_image_end - _image_start)
OUTPUT(LabCluster.axf elf32-littlearm)

.debug_info     0x00000000     0x4553
 .debug_info    0x00000000      0x48f ./startup/startup_mkl27z644.o
 .debug_info    0x0000048f       0xc6 ./source/Communication.o
 .debug_info    0x00000555      0x109 ./source/LabCluster.o
 .debug_info    0x0000065e      0x5b7 ./source/PWM.o
 .debug_info    0x00000c15      0x4ce ./source/UARTDriver.o
 .debug_info    0x000010e3       0x52 ./source/mtb.o
 .debug_info    0x00001135       0x3b ./source/semihost_hardfault.o
 .debug_info    0x00001170     0x1a49 ./drivers/fsl_i2c.o
 .debug_info    0x00002bb9     0x15ad ./drivers/fsl_lpuart.o
 .debug_info    0x00004166      0x3ed ./device/system_MKL27Z644.o

.debug_abbrev   0x00000000      0xd74
 .debug_abbrev  0x00000000      0x189 ./startup/startup_mkl27z644.o
 .debug_abbrev  0x00000189       0x8a ./source/Communication.o
 .debug_abbrev  0x00000213       0xa5 ./source/LabCluster.o
 .debug_abbrev  0x000002b8      0x190 ./source/PWM.o
 .debug_abbrev  0x00000448      0x156 ./source/UARTDriver.o
 .debug_abbrev  0x0000059e       0x44 ./source/mtb.o
 .debug_abbrev  0x000005e2       0x2f ./source/semihost_hardfault.o
 .debug_abbrev  0x00000611      0x337 ./drivers/fsl_i2c.o
 .debug_abbrev  0x00000948      0x2d8 ./drivers/fsl_lpuart.o
 .debug_abbrev  0x00000c20      0x154 ./device/system_MKL27Z644.o

.debug_aranges  0x00000000      0x520
 .debug_aranges
                0x00000000      0x160 ./startup/startup_mkl27z644.o
 .debug_aranges
                0x00000160       0x30 ./source/Communication.o
 .debug_aranges
                0x00000190       0x20 ./source/LabCluster.o
 .debug_aranges
                0x000001b0       0x38 ./source/PWM.o
 .debug_aranges
                0x000001e8       0x38 ./source/UARTDriver.o
 .debug_aranges
                0x00000220       0x18 ./source/mtb.o
 .debug_aranges
                0x00000238       0x20 ./source/semihost_hardfault.o
 .debug_aranges
                0x00000258      0x178 ./drivers/fsl_i2c.o
 .debug_aranges
                0x000003d0      0x120 ./drivers/fsl_lpuart.o
 .debug_aranges
                0x000004f0       0x30 ./device/system_MKL27Z644.o

.debug_ranges   0x00000000      0x478
 .debug_ranges  0x00000000      0x150 ./startup/startup_mkl27z644.o
 .debug_ranges  0x00000150       0x20 ./source/Communication.o
 .debug_ranges  0x00000170       0x10 ./source/LabCluster.o
 .debug_ranges  0x00000180       0x28 ./source/PWM.o
 .debug_ranges  0x000001a8       0x28 ./source/UARTDriver.o
 .debug_ranges  0x000001d0       0x10 ./source/semihost_hardfault.o
 .debug_ranges  0x000001e0      0x168 ./drivers/fsl_i2c.o
 .debug_ranges  0x00000348      0x110 ./drivers/fsl_lpuart.o
 .debug_ranges  0x00000458       0x20 ./device/system_MKL27Z644.o

.debug_macro    0x00000000      0x5ef
 .debug_macro   0x00000000       0x29 ./startup/startup_mkl27z644.o
 .debug_macro   0x00000029       0x24 ./source/Communication.o
 .debug_macro   0x0000004d       0x28 ./source/Communication.o
 .debug_macro   0x00000075       0xba ./source/LabCluster.o
 .debug_macro   0x0000012f       0x16 ./source/LabCluster.o
 .debug_macro   0x00000145       0x8e ./source/PWM.o
 .debug_macro   0x000001d3       0x8e ./source/UARTDriver.o
 .debug_macro   0x00000261       0x2f ./source/mtb.o
 .debug_macro   0x00000290       0x82 ./source/mtb.o
 .debug_macro   0x00000312       0x10 ./source/mtb.o
 .debug_macro   0x00000322       0x11 ./source/semihost_hardfault.o
 .debug_macro   0x00000333      0x107 ./drivers/fsl_i2c.o
 .debug_macro   0x0000043a       0x16 ./drivers/fsl_i2c.o
 .debug_macro   0x00000450      0x108 ./drivers/fsl_lpuart.o
 .debug_macro   0x00000558       0x97 ./device/system_MKL27Z644.o

.debug_line     0x00000000     0x1ebd
 .debug_line    0x00000000      0x12a ./startup/startup_mkl27z644.o
 .debug_line    0x0000012a       0xa2 ./source/Communication.o
 .debug_line    0x000001cc      0x249 ./source/LabCluster.o
 .debug_line    0x00000415      0x24f ./source/PWM.o
 .debug_line    0x00000664      0x25c ./source/UARTDriver.o
 .debug_line    0x000008c0       0xd1 ./source/mtb.o
 .debug_line    0x00000991       0x54 ./source/semihost_hardfault.o
 .debug_line    0x000009e5      0xa9d ./drivers/fsl_i2c.o
 .debug_line    0x00001482      0x7e6 ./drivers/fsl_lpuart.o
 .debug_line    0x00001c68      0x255 ./device/system_MKL27Z644.o

.debug_str      0x00000000    0x365b5
 .debug_str     0x00000000     0x313d ./startup/startup_mkl27z644.o
                               0x3150 (size before relaxing)
 .debug_str     0x0000313d       0xe6 ./source/Communication.o
                               0x2df0 (size before relaxing)
 .debug_str     0x00003223    0x293fe ./source/LabCluster.o
                              0x2c353 (size before relaxing)
 .debug_str     0x0002c621      0x173 ./source/PWM.o
                              0x2c40b (size before relaxing)
 .debug_str     0x0002c794       0x88 ./source/UARTDriver.o
                              0x2c44e (size before relaxing)
 .debug_str     0x0002c81c      0x532 ./source/mtb.o
                               0x322e (size before relaxing)
 .debug_str     0x0002cd4e       0x1f ./source/semihost_hardfault.o
                               0x2d1b (size before relaxing)
 .debug_str     0x0002cd6d     0x8a82 ./drivers/fsl_i2c.o
                              0x34d64 (size before relaxing)
 .debug_str     0x000357ef      0xd48 ./drivers/fsl_lpuart.o
                              0x34e2f (size before relaxing)
 .debug_str     0x00036537       0x7e ./device/system_MKL27Z644.o
                              0x327f7 (size before relaxing)

.comment        0x00000000       0x7f
 .comment       0x00000000       0x7f ./startup/startup_mkl27z644.o
                                 0x80 (size before relaxing)
 .comment       0x0000007f       0x80 ./source/Communication.o
 .comment       0x0000007f       0x80 ./source/LabCluster.o
 .comment       0x0000007f       0x80 ./source/PWM.o
 .comment       0x0000007f       0x80 ./source/UARTDriver.o
 .comment       0x0000007f       0x80 ./source/mtb.o
 .comment       0x0000007f       0x80 ./source/semihost_hardfault.o
 .comment       0x0000007f       0x80 ./drivers/fsl_i2c.o
 .comment       0x0000007f       0x80 ./drivers/fsl_lpuart.o
 .comment       0x0000007f       0x80 ./device/system_MKL27Z644.o
 .comment       0x0000007f       0x80 c:/nxp/mcuxpressoide_10.3.0_2200/ide/plugins/com.nxp.mcuxpresso.tools.win32_10.3.0.201811011841/tools/bin/../lib/gcc/arm-none-eabi/7.3.1/../../../../arm-none-eabi/lib/thumb/v6-m\libcr_semihost_nf.a(_cr__main.o)
 .comment       0x0000007f       0x80 c:/nxp/mcuxpressoide_10.3.0_2200/ide/plugins/com.nxp.mcuxpresso.tools.win32_10.3.0.201811011841/tools/bin/../lib/gcc/arm-none-eabi/7.3.1/../../../../arm-none-eabi/lib/thumb/v6-m\libcr_semihost_nf.a(__ciob.o)
 .comment       0x0000007f       0x80 c:/nxp/mcuxpressoide_10.3.0_2200/ide/plugins/com.nxp.mcuxpresso.tools.win32_10.3.0.201811011841/tools/bin/../lib/gcc/arm-none-eabi/7.3.1/../../../../arm-none-eabi/lib/thumb/v6-m\libcr_c.a(memset.o)
 .comment       0x0000007f       0x80 c:/nxp/mcuxpressoide_10.3.0_2200/ide/plugins/com.nxp.mcuxpresso.tools.win32_10.3.0.201811011841/tools/bin/../lib/gcc/arm-none-eabi/7.3.1/../../../../arm-none-eabi/lib/thumb/v6-m\libcr_c.a(_deferredlazyseek.o)
 .comment       0x0000007f       0x80 c:/nxp/mcuxpressoide_10.3.0_2200/ide/plugins/com.nxp.mcuxpresso.tools.win32_10.3.0.201811011841/tools/bin/../lib/gcc/arm-none-eabi/7.3.1/../../../../arm-none-eabi/lib/thumb/v6-m\libcr_c.a(_fflush.o)
 .comment       0x0000007f       0x80 c:/nxp/mcuxpressoide_10.3.0_2200/ide/plugins/com.nxp.mcuxpresso.tools.win32_10.3.0.201811011841/tools/bin/../lib/gcc/arm-none-eabi/7.3.1/../../../../arm-none-eabi/lib/thumb/v6-m\libcr_c.a(_writebuf.o)
 .comment       0x0000007f       0x80 c:/nxp/mcuxpressoide_10.3.0_2200/ide/plugins/com.nxp.mcuxpresso.tools.win32_10.3.0.201811011841/tools/bin/../lib/gcc/arm-none-eabi/7.3.1/../../../../arm-none-eabi/lib/thumb/v6-m\libcr_c.a(alloc.o)
 .comment       0x0000007f       0x80 c:/nxp/mcuxpressoide_10.3.0_2200/ide/plugins/com.nxp.mcuxpresso.tools.win32_10.3.0.201811011841/tools/bin/../lib/gcc/arm-none-eabi/7.3.1/../../../../arm-none-eabi/lib/thumb/v6-m\libcr_c.a(fseek.o)
 .comment       0x0000007f       0x80 c:/nxp/mcuxpressoide_10.3.0_2200/ide/plugins/com.nxp.mcuxpresso.tools.win32_10.3.0.201811011841/tools/bin/../lib/gcc/arm-none-eabi/7.3.1/../../../../arm-none-eabi/lib/thumb/v6-m\libcr_c.a(ftell.o)
 .comment       0x0000007f       0x80 c:/nxp/mcuxpressoide_10.3.0_2200/ide/plugins/com.nxp.mcuxpresso.tools.win32_10.3.0.201811011841/tools/bin/../lib/gcc/arm-none-eabi/7.3.1/../../../../arm-none-eabi/lib/thumb/v6-m\libcr_c.a(initio.o)
 .comment       0x0000007f       0x80 c:/nxp/mcuxpressoide_10.3.0_2200/ide/plugins/com.nxp.mcuxpresso.tools.win32_10.3.0.201811011841/tools/bin/../lib/gcc/arm-none-eabi/7.3.1/../../../../arm-none-eabi/lib/thumb/v6-m\libcr_c.a(setvbuf.o)
 .comment       0x0000007f       0x80 c:/nxp/mcuxpressoide_10.3.0_2200/ide/plugins/com.nxp.mcuxpresso.tools.win32_10.3.0.201811011841/tools/bin/../lib/gcc/arm-none-eabi/7.3.1/../../../../arm-none-eabi/lib/thumb/v6-m\libcr_c.a(strlen.o)
 .comment       0x0000007f       0x80 c:/nxp/mcuxpressoide_10.3.0_2200/ide/plugins/com.nxp.mcuxpresso.tools.win32_10.3.0.201811011841/tools/bin/../lib/gcc/arm-none-eabi/7.3.1/../../../../arm-none-eabi/lib/thumb/v6-m\libcr_c.a(_fdopen.o)
 .comment       0x0000007f       0x80 c:/nxp/mcuxpressoide_10.3.0_2200/ide/plugins/com.nxp.mcuxpresso.tools.win32_10.3.0.201811011841/tools/bin/../lib/gcc/arm-none-eabi/7.3.1/../../../../arm-none-eabi/lib/thumb/v6-m\libcr_c.a(errno.o)
 .comment       0x0000007f       0x80 c:/nxp/mcuxpressoide_10.3.0_2200/ide/plugins/com.nxp.mcuxpresso.tools.win32_10.3.0.201811011841/tools/bin/../lib/gcc/arm-none-eabi/7.3.1/../../../../arm-none-eabi/lib/thumb/v6-m\libcr_c.a(fclose.o)
 .comment       0x0000007f       0x80 c:/nxp/mcuxpressoide_10.3.0_2200/ide/plugins/com.nxp.mcuxpresso.tools.win32_10.3.0.201811011841/tools/bin/../lib/gcc/arm-none-eabi/7.3.1/../../../../arm-none-eabi/lib/thumb/v6-m\libcr_c.a(fflush.o)
 .comment       0x0000007f       0x80 c:/nxp/mcuxpressoide_10.3.0_2200/ide/plugins/com.nxp.mcuxpresso.tools.win32_10.3.0.201811011841/tools/bin/../lib/gcc/arm-none-eabi/7.3.1/../../../../arm-none-eabi/lib/thumb/v6-m\libcr_c.a(remove.o)
 .comment       0x0000007f       0x80 c:/nxp/mcuxpressoide_10.3.0_2200/ide/plugins/com.nxp.mcuxpresso.tools.win32_10.3.0.201811011841/tools/bin/../lib/gcc/arm-none-eabi/7.3.1/../../../../arm-none-eabi/lib/thumb/v6-m\libcr_c.a(_do_fflush.o)

.ARM.attributes
                0x00000000       0x30
 .ARM.attributes
                0x00000000       0x32 ./startup/startup_mkl27z644.o
 .ARM.attributes
                0x00000032       0x32 ./source/Communication.o
 .ARM.attributes
                0x00000064       0x32 ./source/LabCluster.o
 .ARM.attributes
                0x00000096       0x32 ./source/PWM.o
 .ARM.attributes
                0x000000c8       0x32 ./source/UARTDriver.o
 .ARM.attributes
                0x000000fa       0x32 ./source/mtb.o
 .ARM.attributes
                0x0000012c       0x32 ./source/semihost_hardfault.o
 .ARM.attributes
                0x0000015e       0x32 ./drivers/fsl_i2c.o
 .ARM.attributes
                0x00000190       0x32 ./drivers/fsl_lpuart.o
 .ARM.attributes
                0x000001c2       0x32 ./device/system_MKL27Z644.o
 .ARM.attributes
                0x000001f4       0x31 c:/nxp/mcuxpressoide_10.3.0_2200/ide/plugins/com.nxp.mcuxpresso.tools.win32_10.3.0.201811011841/tools/bin/../lib/gcc/arm-none-eabi/7.3.1/../../../../arm-none-eabi/lib/thumb/v6-m\libcr_semihost_nf.a(_cr__main.o)
 .ARM.attributes
                0x00000225       0x31 c:/nxp/mcuxpressoide_10.3.0_2200/ide/plugins/com.nxp.mcuxpresso.tools.win32_10.3.0.201811011841/tools/bin/../lib/gcc/arm-none-eabi/7.3.1/../../../../arm-none-eabi/lib/thumb/v6-m\libcr_semihost_nf.a(__ciob.o)
 .ARM.attributes
                0x00000256       0x31 c:/nxp/mcuxpressoide_10.3.0_2200/ide/plugins/com.nxp.mcuxpresso.tools.win32_10.3.0.201811011841/tools/bin/../lib/gcc/arm-none-eabi/7.3.1/../../../../arm-none-eabi/lib/thumb/v6-m\libcr_c.a(memset.o)
 .ARM.attributes
                0x00000287       0x31 c:/nxp/mcuxpressoide_10.3.0_2200/ide/plugins/com.nxp.mcuxpresso.tools.win32_10.3.0.201811011841/tools/bin/../lib/gcc/arm-none-eabi/7.3.1/../../../../arm-none-eabi/lib/thumb/v6-m\libcr_c.a(_deferredlazyseek.o)
 .ARM.attributes
                0x000002b8       0x31 c:/nxp/mcuxpressoide_10.3.0_2200/ide/plugins/com.nxp.mcuxpresso.tools.win32_10.3.0.201811011841/tools/bin/../lib/gcc/arm-none-eabi/7.3.1/../../../../arm-none-eabi/lib/thumb/v6-m\libcr_c.a(_fflush.o)
 .ARM.attributes
                0x000002e9       0x31 c:/nxp/mcuxpressoide_10.3.0_2200/ide/plugins/com.nxp.mcuxpresso.tools.win32_10.3.0.201811011841/tools/bin/../lib/gcc/arm-none-eabi/7.3.1/../../../../arm-none-eabi/lib/thumb/v6-m\libcr_c.a(_writebuf.o)
 .ARM.attributes
                0x0000031a       0x31 c:/nxp/mcuxpressoide_10.3.0_2200/ide/plugins/com.nxp.mcuxpresso.tools.win32_10.3.0.201811011841/tools/bin/../lib/gcc/arm-none-eabi/7.3.1/../../../../arm-none-eabi/lib/thumb/v6-m\libcr_c.a(alloc.o)
 .ARM.attributes
                0x0000034b       0x31 c:/nxp/mcuxpressoide_10.3.0_2200/ide/plugins/com.nxp.mcuxpresso.tools.win32_10.3.0.201811011841/tools/bin/../lib/gcc/arm-none-eabi/7.3.1/../../../../arm-none-eabi/lib/thumb/v6-m\libcr_c.a(fseek.o)
 .ARM.attributes
                0x0000037c       0x31 c:/nxp/mcuxpressoide_10.3.0_2200/ide/plugins/com.nxp.mcuxpresso.tools.win32_10.3.0.201811011841/tools/bin/../lib/gcc/arm-none-eabi/7.3.1/../../../../arm-none-eabi/lib/thumb/v6-m\libcr_c.a(ftell.o)
 .ARM.attributes
                0x000003ad       0x31 c:/nxp/mcuxpressoide_10.3.0_2200/ide/plugins/com.nxp.mcuxpresso.tools.win32_10.3.0.201811011841/tools/bin/../lib/gcc/arm-none-eabi/7.3.1/../../../../arm-none-eabi/lib/thumb/v6-m\libcr_c.a(initio.o)
 .ARM.attributes
                0x000003de       0x31 c:/nxp/mcuxpressoide_10.3.0_2200/ide/plugins/com.nxp.mcuxpresso.tools.win32_10.3.0.201811011841/tools/bin/../lib/gcc/arm-none-eabi/7.3.1/../../../../arm-none-eabi/lib/thumb/v6-m\libcr_c.a(setvbuf.o)
 .ARM.attributes
                0x0000040f       0x31 c:/nxp/mcuxpressoide_10.3.0_2200/ide/plugins/com.nxp.mcuxpresso.tools.win32_10.3.0.201811011841/tools/bin/../lib/gcc/arm-none-eabi/7.3.1/../../../../arm-none-eabi/lib/thumb/v6-m\libcr_c.a(strlen.o)
 .ARM.attributes
                0x00000440       0x31 c:/nxp/mcuxpressoide_10.3.0_2200/ide/plugins/com.nxp.mcuxpresso.tools.win32_10.3.0.201811011841/tools/bin/../lib/gcc/arm-none-eabi/7.3.1/../../../../arm-none-eabi/lib/thumb/v6-m\libcr_c.a(_fdopen.o)
 .ARM.attributes
                0x00000471       0x31 c:/nxp/mcuxpressoide_10.3.0_2200/ide/plugins/com.nxp.mcuxpresso.tools.win32_10.3.0.201811011841/tools/bin/../lib/gcc/arm-none-eabi/7.3.1/../../../../arm-none-eabi/lib/thumb/v6-m\libcr_c.a(errno.o)
 .ARM.attributes
                0x000004a2       0x31 c:/nxp/mcuxpressoide_10.3.0_2200/ide/plugins/com.nxp.mcuxpresso.tools.win32_10.3.0.201811011841/tools/bin/../lib/gcc/arm-none-eabi/7.3.1/../../../../arm-none-eabi/lib/thumb/v6-m\libcr_c.a(fclose.o)
 .ARM.attributes
                0x000004d3       0x31 c:/nxp/mcuxpressoide_10.3.0_2200/ide/plugins/com.nxp.mcuxpresso.tools.win32_10.3.0.201811011841/tools/bin/../lib/gcc/arm-none-eabi/7.3.1/../../../../arm-none-eabi/lib/thumb/v6-m\libcr_c.a(fflush.o)
 .ARM.attributes
                0x00000504       0x31 c:/nxp/mcuxpressoide_10.3.0_2200/ide/plugins/com.nxp.mcuxpresso.tools.win32_10.3.0.201811011841/tools/bin/../lib/gcc/arm-none-eabi/7.3.1/../../../../arm-none-eabi/lib/thumb/v6-m\libcr_c.a(remove.o)
 .ARM.attributes
                0x00000535       0x31 c:/nxp/mcuxpressoide_10.3.0_2200/ide/plugins/com.nxp.mcuxpresso.tools.win32_10.3.0.201811011841/tools/bin/../lib/gcc/arm-none-eabi/7.3.1/../../../../arm-none-eabi/lib/thumb/v6-m\libcr_c.a(_do_fflush.o)
 .ARM.attributes
                0x00000566       0x21 c:/nxp/mcuxpressoide_10.3.0_2200/ide/plugins/com.nxp.mcuxpresso.tools.win32_10.3.0.201811011841/tools/bin/../lib/gcc/arm-none-eabi/7.3.1/thumb/v6-m\libcr_eabihelpers.a(division_32.o)
 .ARM.attributes
                0x00000587       0x21 c:/nxp/mcuxpressoide_10.3.0_2200/ide/plugins/com.nxp.mcuxpresso.tools.win32_10.3.0.201811011841/tools/bin/../lib/gcc/arm-none-eabi/7.3.1/thumb/v6-m\libcr_eabihelpers.a(division_idiv0.o)
 .ARM.attributes
                0x000005a8       0x21 c:/nxp/mcuxpressoide_10.3.0_2200/ide/plugins/com.nxp.mcuxpresso.tools.win32_10.3.0.201811011841/tools/bin/../lib/gcc/arm-none-eabi/7.3.1/thumb/v6-m\libcr_eabihelpers.a(memcpy.o)
 .ARM.attributes
                0x000005c9       0x21 c:/nxp/mcuxpressoide_10.3.0_2200/ide/plugins/com.nxp.mcuxpresso.tools.win32_10.3.0.201811011841/tools/bin/../lib/gcc/arm-none-eabi/7.3.1/../../../../arm-none-eabi/lib/thumb/v6-m\libcr_semihost_nf.a(__sys_close.o)
 .ARM.attributes
                0x000005ea       0x21 c:/nxp/mcuxpressoide_10.3.0_2200/ide/plugins/com.nxp.mcuxpresso.tools.win32_10.3.0.201811011841/tools/bin/../lib/gcc/arm-none-eabi/7.3.1/../../../../arm-none-eabi/lib/thumb/v6-m\libcr_semihost_nf.a(__sys_flen.o)
 .ARM.attributes
                0x0000060b       0x21 c:/nxp/mcuxpressoide_10.3.0_2200/ide/plugins/com.nxp.mcuxpresso.tools.win32_10.3.0.201811011841/tools/bin/../lib/gcc/arm-none-eabi/7.3.1/../../../../arm-none-eabi/lib/thumb/v6-m\libcr_semihost_nf.a(__sys_istty.o)
 .ARM.attributes
                0x0000062c       0x21 c:/nxp/mcuxpressoide_10.3.0_2200/ide/plugins/com.nxp.mcuxpresso.tools.win32_10.3.0.201811011841/tools/bin/../lib/gcc/arm-none-eabi/7.3.1/../../../../arm-none-eabi/lib/thumb/v6-m\libcr_semihost_nf.a(__sys_remove.o)
 .ARM.attributes
                0x0000064d       0x21 c:/nxp/mcuxpressoide_10.3.0_2200/ide/plugins/com.nxp.mcuxpresso.tools.win32_10.3.0.201811011841/tools/bin/../lib/gcc/arm-none-eabi/7.3.1/../../../../arm-none-eabi/lib/thumb/v6-m\libcr_semihost_nf.a(__sys_seek.o)
 .ARM.attributes
                0x0000066e       0x21 c:/nxp/mcuxpressoide_10.3.0_2200/ide/plugins/com.nxp.mcuxpresso.tools.win32_10.3.0.201811011841/tools/bin/../lib/gcc/arm-none-eabi/7.3.1/../../../../arm-none-eabi/lib/thumb/v6-m\libcr_semihost_nf.a(__sys_tmpnam.o)
 .ARM.attributes
                0x0000068f       0x21 c:/nxp/mcuxpressoide_10.3.0_2200/ide/plugins/com.nxp.mcuxpresso.tools.win32_10.3.0.201811011841/tools/bin/../lib/gcc/arm-none-eabi/7.3.1/../../../../arm-none-eabi/lib/thumb/v6-m\libcr_semihost_nf.a(__sys_write.o)

.debug_frame    0x00000000      0xfa4
 .debug_frame   0x00000000      0x3b0 ./startup/startup_mkl27z644.o
 .debug_frame   0x000003b0       0x6c ./source/Communication.o
 .debug_frame   0x0000041c       0x30 ./source/LabCluster.o
 .debug_frame   0x0000044c       0x8c ./source/PWM.o
 .debug_frame   0x000004d8       0x90 ./source/UARTDriver.o
 .debug_frame   0x00000568       0x20 ./source/semihost_hardfault.o
 .debug_frame   0x00000588      0x588 ./drivers/fsl_i2c.o
 .debug_frame   0x00000b10      0x42c ./drivers/fsl_lpuart.o
 .debug_frame   0x00000f3c       0x68 ./device/system_MKL27Z644.o
